
Memory Configuration

Name             Origin             Length             Attributes
ram              0x80000000         0x00500000         xrw
*default*        0x00000000         0xffffffff

Linker script and memory map

                0x00000000                __DYNAMIC=0x0
                0x00400000                PROVIDE (__stack, 0x400000)
                0x00000000                PROVIDE (hardware_init_hook, 0x0)
                0x00000000                PROVIDE (_hardware_init_hook, 0x0)
                0x00000000                PROVIDE (software_init_hook, 0x0)
                0x00000000                PROVIDE (_software_init_hook, 0x0)

.text           0x80000000    0x104a0
 *(.text)
 .text          0x80000000     0x9168 S2_Denon_AVR_2308CI_2808CI_3808CI_4308CI_5805CI_888_988_Processor.o
                0x800081e0                S2_Denon_AVR_2308CI_2808CI_3808CI_4308CI_5805CI_888_988_ProcessorEventHandler00009
                0x80008c30                S2_Denon_AVR_2308CI_2808CI_3808CI_4308CI_5805CI_888_988_Processor_main
                0x800017bc                S2_Denon_AVR_2308CI_2808CI_3808CI_4308CI_5805CI_888_988_ProcessorEventHandler00004
                0x80007a82                S2_Denon_AVR_2308CI_2808CI_3808CI_4308CI_5805CI_888_988_ProcessorEventHandler00007
                0x800087e0                S2_Denon_AVR_2308CI_2808CI_3808CI_4308CI_5805CI_888_988_ProcessorEventHandler0000A
                0x800077b6                S2_Denon_AVR_2308CI_2808CI_3808CI_4308CI_5805CI_888_988_ProcessorEventHandler00005
                0x80001130                S2_Denon_AVR_2308CI_2808CI_3808CI_4308CI_5805CI_888_988_ProcessorEventHandler00002
                0x80008b02                S2_Denon_AVR_2308CI_2808CI_3808CI_4308CI_5805CI_888_988_Processor_EventHandler
                0x80000aa4                S2_Denon_AVR_2308CI_2808CI_3808CI_4308CI_5805CI_888_988_ProcessorEventHandler00000
                0x80001476                S2_Denon_AVR_2308CI_2808CI_3808CI_4308CI_5805CI_888_988_ProcessorEventHandler00003
                0x8000908a                S2_Denon_AVR_2308CI_2808CI_3808CI_4308CI_5805CI_888_988_ProcessorEventHandler0000B
                0x80007be8                S2_Denon_AVR_2308CI_2808CI_3808CI_4308CI_5805CI_888_988_ProcessorEventHandler00008
                0x80000dea                S2_Denon_AVR_2308CI_2808CI_3808CI_4308CI_5805CI_888_988_ProcessorEventHandler00001
                0x8000791c                S2_Denon_AVR_2308CI_2808CI_3808CI_4308CI_5805CI_888_988_ProcessorEventHandler00006
 .text          0x80009168     0x5836 library.o
                0x8000d354                RotateRightLong
                0x8000d962                IsSystem
                0x8000d2b8                Seed
                0x8000abb0                Remove
                0x8000cf34                Ltoa
                0x8000cc60                Atoi
                0x8000bfc8                InitRampInfoArray
                0x8000d70e                Right
                0x8000e73e                LockInputSema
                0x8000d1e2                Mod
                0x8000d3ca                Getc
                0x8000d116                SMuldiv
                0x8000d944                IsHidden
                0x8000cffa                Min
                0x8000e552                hextosi
                0x8000dae8                WriteIntegerArray
                0x8000e05e                GetSignedIntArrayElementPtr
                0x8000c982                CheckStructArray
                0x8000e566                hextosl
                0x8000dc6e                WriteSignedIntegerArray
                0x8000c64a                InitStringParamArray
                0x8000b91c                ReadSignedLongIntegerArray
                0x8000a83e                GatherToDelimiter
                0x8000c46e                InitStringArray
                0x8000cfd4                Max
                0x8000d99e                IsReadOnly
                0x8000d0de                SMax
                0x8000a9e2                GatherByLength
                0x8000ce6e                Chr
                0x8000dac0                ReadSignedLongInteger
                0x8000ceec                Itohex
                0x8000c8f4                GetStructArrayElement
                0x8000cbe8                UNS_SetByte
                0x8000d6e2                ReverseFindi
                0x8000bdc4                ReadStringArray
                0x8000de6e                GetIntArrayElementPtr
                0x8000d51e                Lower
                0x8000d2d4                RotateLeft
                0x8000e686                ResizeIfAutogrow
                0x8000c0f4                CheckInputArray
                0x800096d6                ResizeStringArray
                0x8000ce00                Atosl
                0x8000cc28                High
                0x8000d284                Rnd
                0x8000d1a6                UMod
                0x8000d32a                RotateLeftLong
                0x8000e7b2                FindNumericChar
                0x8000e2b6                CheckIOArrayBounds2
                0x8000d8fc                MakeProgramFilename
                0x8000d0fa                SMin
                0x8000d452                Left
                0x8000d394                CheckBufferThreshold
                0x8000da78                ReadSignedInteger
                0x8000cc52                LowWord
                0x80009168                Bit
                0x8000da28                ReadLongInteger
                0x8000ca66                Byte
                0x8000df66                GetLongArrayElementPtr
                0x8000d6b4                ReverseFind
                0x8000d912                GetSeries
                0x8000e87e                InitTcpServer
                0x8000d506                Len
                0x8000e386                InitializeRampInfoInternal
                0x8000d020                Divide
                0x8000cd6c                Atol
                0x8000d908                GetModelNumber
                0x8000e24e                CheckIOArrayBounds
                0x8000c14e                CheckStringInputArray
                0x8000dd30                WriteSignedLongIntegerArray
                0x8000c83e                GetStringArrayElement
                0x8000cf78                Ltohex
                0x8000cea4                Itoa
                0x8000d2fe                RotateRight
                0x8000ae9e                InternalReverseFind
                0x8000da08                WriteLongInteger
                0x8000c372                InitDynamicStringStruct
                0x8000c264                SetStringArray
                0x8000b6fa                ReadSignedIntegerArray
                0x8000c1a8                SetOutputArray
                0x8000d9b8                WriteInteger
                0x8000c7d2                InitStructDynamicArray
                0x8000b128                SetString
                0x8000d21e                Random
                0x8000da50                WriteSignedInteger
                0x800093cc                Find
                0x8000d91c                GetProgramNumber
                0x8000d5f2                Mid
                0x8000e7f0                InitTcpClient
                0x8000a2ba                ResizeStructArray
                0x8000e156                GetSignedLongArrayElementPtr
                0x8000e578                hextol
                0x8000bb3e                ReadString
                0x8000c504                InitDynamicStringArray
                0x8000e65e                UpperChar
                0x8000ccfc                Atosi
                0x8000d9e0                ReadInteger
                0x8000d092                Muldiv
                0x8000c216                SetStringOutputArray
                0x8000ddf4                WriteString
                0x80009d2e                ResizeIntegerArray
                0x8000c0bc                InitInOutArray
                0x8000c712                InitNvramStringArray
                0x8000cfbc                Abs
                0x8000d162                SDivide
                0x8000b2b8                ReadIntegerArray
                0x80009278                CompareStrings
                0x8000e636                LowerChar
                0x8000e90e                InitUdpSocket
                0x8000d37c                ClearBuffer
                0x8000d7ca                Upper
                0x8000c7ae                InitStructArray
                0x8000d8a0                MakeLower
                0x8000d980                IsVolume
                0x8000ad0a                RemoveByLength
                0x8000c9fe                CheckStringOutputArrayIndex
                0x8000dbaa                WriteLongIntegerArray
                0x8000e432                InitRampInfoStructArray
                0x8000cc44                HighWord
                0x80009540                ResizeString
                0x8000d926                IsDirectory
                0x8000b4d8                ReadLongIntegerArray
                0x8000cc36                Low
                0x8000a6e4                Gather
                0x8000d8ce                MakeUpper
                0x8000c334                InitStringStruct
                0x8000e31e                CheckStringArrayBounds
                0x8000d064                CheckDenominator
                0x8000e53a                hextoi
                0x8000bc5c                WriteStringArray
                0x8000cb26                SetByte
                0x8000e3dc                InitializeRampInfo
                0x8000e778                UnLockInputSema
                0x8000daa0                WriteSignedLongInteger
                0x8000c426                InitNvramStringStruct
 *fill*         0x8000e99e        0x2
                0x8000e9a0                .=ALIGN(0x10)
 *(.eh_frame)
                0x8000e9a0                .=ALIGN(0x10)
 *(.gnu.linkonce.t.*)
                0x8000e9a0                .=ALIGN(0x4)
                0x8000e9a0                __CTOR_LIST__=.
                0x8000e9a0                ___CTOR_LIST__=.
                0x8000e9a0        0x4 LONG 0x0 (((__CTOR_END__-__CTOR_LIST__)/0x4)-0x2)
 *(.ctors)
                0x8000e9a4        0x4 LONG 0x0
                0x8000e9a8                __CTOR_END__=.
                0x8000e9a8                __DTOR_LIST__=.
                0x8000e9a8                ___DTOR_LIST__=.
                0x8000e9a8        0x4 LONG 0x0 (((__DTOR_END__-__DTOR_LIST__)/0x4)-0x2)
 *(.dtors)
                0x8000e9ac        0x4 LONG 0x0
                0x8000e9b0                __DTOR_END__=.
 *(.rodata)
 .rodata        0x8000e9b0      0xe7e S2_Denon_AVR_2308CI_2808CI_3808CI_4308CI_5805CI_888_988_Processor.o
 .rodata        0x8000f82e      0xc54 library.o
 *(.gcc_except_table)
                0x80010482                .=ALIGN(0x2)
                0x80010482                __INIT_SECTION__=.
                0x80010482        0x4 LONG 0x4e560000
 *(.init)
                0x80010486        0x2 SHORT 0x4e5e
                0x80010488        0x2 SHORT 0x4e75
                0x8001048a                __FINI_SECTION__=.
                0x8001048a        0x4 LONG 0x4e560000
 *(.fini)
                0x8001048e        0x2 SHORT 0x4e5e
                0x80010490        0x2 SHORT 0x4e75
 *(.lit)
 *fill*         0x80010492        0xe
                0x800104a0                .=ALIGN(0x10)
                0x800104a0                _etext=.
                0x800104a0                etext=.

.data           0x800104a0        0x0
                0x800104a0                copy_start=.
 *(.shdata)
 *(.data)
 *(.gnu.linkonce.d.*)
                0x800104a0                .=ALIGN(0x10)
                0x800104a0                _edata=.
                0x800104a0                copy_end=.

.got
 *(.got.plt)
 *(.got)

EntryList       0x800104a0      0x110
 *(EntryList)
 EntryList      0x800104a0      0x110 S2_Denon_AVR_2308CI_2808CI_3808CI_4308CI_5805CI_888_988_Processor.o
                0x800104a0                S2_Denon_AVR_2308CI_2808CI_3808CI_4308CI_5805CI_888_988_Processor_Entry
                0x800105b0                .=ALIGN(0x4)

FunctionList    0x800105b0        0x4
 *(FunctionList)
 FunctionList   0x800105b0        0x4 globals.o
                0x800105b0                g_pFunctions
                0x800105b4                .=ALIGN(0x4)

.bss            0x800105b4        0x0
                0x800105b4                .=ALIGN(0x4)
                0x800105b4                __bss_start=.
 *(.shbss)
 *(.bss)
 *(COMMON)
                0x800105b8                _end=ALIGN(0x8)
                0x800105b8                __end=_end

.stab
 *(.stab)

.stabstr
 *(.stabstr)

.debug
 *(.debug)

.line
 *(.line)

.debug_srcinfo
 *(.debug_srcinfo)

.debug_sfnames
 *(.debug_sfnames)

.debug_aranges
 *(.debug_aranges)

.debug_pubnames
 *(.debug_pubnames)

.debug_info
 *(.debug_info)

.debug_abbrev
 *(.debug_abbrev)

.debug_line
 *(.debug_line)

.debug_frame
 *(.debug_frame)

.debug_str
 *(.debug_str)

.debug_loc
 *(.debug_loc)

.debug_macinfo
 *(.debug_macinfo)

.debug_weaknames
 *(.debug_weaknames)

.debug_funcnames
 *(.debug_funcnames)

.debug_typenames
 *(.debug_typenames)

.debug_varnames
 *(.debug_varnames)
LOAD S2_Denon_AVR_2308CI_2808CI_3808CI_4308CI_5805CI_888_988_Processor.o
LOAD globals.o
LOAD library.o
OUTPUT(_S2_Hagestue.spl elf32-m68k)

.comment        0x800105b4       0x72
 .comment       0x800105b4       0x26 S2_Denon_AVR_2308CI_2808CI_3808CI_4308CI_5805CI_888_988_Processor.o
 .comment       0x800105da       0x26 globals.o
 .comment       0x80010600       0x26 library.o
